<html>
<body>
<pre>
<h1>µVision Build Log</h1>
<h2>Tool Versions:</h2>
IDE-Version: £gVision V5.29.0.0
Copyright (C) 2019 ARM Ltd and ARM Germany GmbH. All rights reserved.
License Information: Lin Mark, h, LIC=----
 
Tool Versions:
Toolchain:       MDK-Lite  Version: 5.29.0.0
Toolchain Path:  C:\Keil_v5\ARM\ARMCC\Bin
C Compiler:      Armcc.exe V5.06 update 6 (build 750)
Assembler:       Armasm.exe V5.06 update 6 (build 750)
Linker/Locator:  ArmLink.exe V5.06 update 6 (build 750)
Library Manager: ArmAr.exe V5.06 update 6 (build 750)
Hex Converter:   FromElf.exe V5.06 update 6 (build 750)
CPU DLL:         SARMCM3.DLL V5.29.0.0
Dialog DLL:      DARMCM1.DLL V1.19.2.0
Target DLL:      NULink\Nu_Link.dll V3.11
Dialog DLL:      TARMCM1.DLL V1.14.1.0
 
<h2>Project:</h2>
D:\Loon\Nuvoton_uno131\project\NUC131_Series_BSP_CMSIS_V3.00.005\SampleCode\StdDriver\ADC_ContinuousScanMode\KEIL\ADC_ContinuousScanMode.uvproj
Project File Date:  04/17/2023

<h2>Output:</h2>
*** Using Compiler 'V5.06 update 6 (build 750)', folder: 'C:\Keil_v5\ARM\ARMCC\Bin'
Build target 'ADC_ContinuousScanMode'
creating preprocessor file for timer.c...
creating preprocessor file for uart.c...
creating preprocessor file for retarget.c...
creating preprocessor file for system_NUC131.c...
creating preprocessor file for sys.c...
creating preprocessor file for adc.c...
creating preprocessor file for clk.c...
creating preprocessor file for main.c...
compiling main.c...
..\main.c(138): warning:  #177-D: variable "u32ChannelCount"  was declared but never referenced
      uint32_t u32ChannelCount;
..\main.c: 1 warning, 0 errors
linking...
Program Size: Code=3964 RO-data=616 RW-data=52 ZI-data=1028  
After Build - User command #1: fromelf --bin ".\obj\ADC_ContinuousScanMode.axf" --output ".\obj\ADC_ContinuousScanMode.bin"
After Build - User command #2: fromelf --text -c ".\obj\ADC_ContinuousScanMode.axf" --output ".\obj\ADC_ContinuousScanMode.txt"
".\obj\ADC_ContinuousScanMode.axf" - 0 Error(s), 1 Warning(s).
Build Time Elapsed:  00:00:01
</pre>
</body>
</html>
